// Jest Snapshot v1, https://goo.gl/fbAQLP

exports[`FixedQueue dequeue() remove the next value from queue 1`] = `
Queue {
  "head": 1,
  "size": 18,
  "storage": Array [
    20,
    3,
    4,
    5,
    6,
    7,
    8,
    9,
    10,
    11,
    12,
    13,
    14,
    15,
    16,
    17,
    18,
    19,
  ],
  "tail": 1,
}
`;

exports[`FixedQueue enqueue(value) 10x queue initial size 1`] = `
Queue {
  "head": 0,
  "size": 20,
  "storage": Array [
    1,
    2,
    3,
    4,
    5,
    6,
    7,
    8,
    9,
    10,
    11,
    12,
    13,
    14,
    15,
    16,
    17,
    18,
    19,
    20,
  ],
  "tail": 0,
}
`;
